---
source: deputy-package-server/src/configuration.rs
expression: configuration
---
Configuration {
    host: "localhost",
    port: 8080,
    repository: RepositoryConfiguration {
        folder: "/tmp/test-repo",
        username: "some-username",
        email: "some@email.com",
    },
    package_folder: "/tmp/packages",
}
