---
source: deputy-package-server/src/configuration.rs
expression: configuration
---
Configuration {
    host: "localhost",
    port: 8080,
    repository: RepositoryConfiguration {
        folder: "/tmp/test-repo",
        username: "some-username",
        email: "some@email.com",
    },
    storage_folders: StorageFolders {
        package_folder: "/tmp/packages",
        toml_folder: "/tmp/tomls",
        readme_folder: "/tmp/readmes",
    },
}
